// Bun Snapshot v1, https://goo.gl/fbAQLP

exports[`Generating selfpacked stats v0 {"format":"cjs","expected":"cjs"} matches the snapshot 1`] = `
{
  "assets": [
    {
      "gzipSize": 26821,
      "name": "assets/index-b7a309be.js",
      "normalized": "assets/index-*.js",
      "size": 72360,
    },
  ],
  "builtAt": Any<Number>,
  "bundleName": StringContaining "test-selfpacked-v0-cjs",
  "bundler": {
    "name": "selfpacked",
  },
  "chunks": [],
  "duration": Any<Number>,
  "modules": [],
  "outputPath": StringContaining "/distV0",
  "plugin": {
    "name": StringMatching "@codecov/selfpacked-plugin",
    "version": "0.0.1-beta.13",
  },
  "version": "2",
}
`;
