// Bun Snapshot v1, https://goo.gl/fbAQLP

exports[`Standalone Analyzer Integration Tests should generate a report and match the snapshot 1`] = `
{
  "assets": ExpectArrayContaining {},
  "builtAt": Any<Number>,
  "bundleName": StringContaining "standalone",
  "chunks": ExpectArrayContaining {},
  "duration": Any<Number>,
  "modules": ExpectArrayContaining {},
  "plugin": {
    "name": StringMatching "@codecov/standalone-analyzer",
    "version": Any<String>,
  },
  "version": "2",
}
`;
