// Jest Snapshot v1, https://goo.gl/fbAQLP

exports[`Generating vite stats version 5 matches the snapshot 1`] = `
{
  "assets": [
    {
      "name": "assets/index-snsAD2Cg.js",
      "normalized": "assets/index-snsAD2Cg.js",
      "size": 73071,
    },
  ],
  "builtAt": Any<Number>,
  "bundleName": "vite-test-es",
  "bundler": {
    "name": "rollup",
    "version": "4.6.0",
  },
  "chunks": [
    {
      "entry": true,
      "files": [
        "assets/index-snsAD2Cg.js",
      ],
      "id": "index",
      "initial": false,
      "names": [
        "index",
      ],
      "uniqueId": "0-index",
    },
  ],
  "duration": Any<Number>,
  "modules": [
    {
      "chunkUniqueIds": [
        "0-index",
      ],
      "name": "./vite/modulepreload-polyfill.js",
      "size": 1548,
    },
    {
      "chunkUniqueIds": [
        "0-index",
      ],
      "name": "./commonjsHelpers.js",
      "size": 334,
    },
    {
      "chunkUniqueIds": [
        "0-index",
      ],
      "name": "../node_modules/.pnpm/lodash@4.17.21/node_modules/lodash/lodash.js?commonjs-module",
      "size": 27,
    },
    {
      "chunkUniqueIds": [
        "0-index",
      ],
      "name": "../node_modules/.pnpm/lodash@4.17.21/node_modules/lodash/lodash.js",
      "size": 560242,
    },
    {
      "chunkUniqueIds": [
        "0-index",
      ],
      "name": "./test-apps/vite/src/getRandomNumber.js",
      "size": 98,
    },
    {
      "chunkUniqueIds": [
        "0-index",
      ],
      "name": "./test-apps/vite/src/main.js",
      "size": 163,
    },
    {
      "chunkUniqueIds": [
        "0-index",
      ],
      "name": "./test-apps/vite/index.html",
      "size": 0,
    },
  ],
  "plugin": {
    "name": "codecov-vite-bundle-analysis-plugin",
    "version": "1.0.0",
  },
  "version": "1",
}
`;
